
> ebonidatin@0.1.0 build /data/data/com.termux/files/home/ebonidatin
> next build

  ▲ Next.js 14.2.16
  - Environments: .env.local

   Creating an optimized production build ...
 ⚠ Compiled with warnings

./node_modules/.pnpm/@opentelemetry+instrumentation@0.204.0_@opentelemetry+api@1.9.0/node_modules/@opentelemetry/instrumentation/build/esm/platform/node/instrumentation.js
Critical dependency: the request of a dependency is an expression

Import trace for requested module:
./node_modules/.pnpm/@opentelemetry+instrumentation@0.204.0_@opentelemetry+api@1.9.0/node_modules/@opentelemetry/instrumentation/build/esm/platform/node/instrumentation.js
./node_modules/.pnpm/@opentelemetry+instrumentation@0.204.0_@opentelemetry+api@1.9.0/node_modules/@opentelemetry/instrumentation/build/esm/platform/node/index.js
./node_modules/.pnpm/@opentelemetry+instrumentation@0.204.0_@opentelemetry+api@1.9.0/node_modules/@opentelemetry/instrumentation/build/esm/platform/index.js
./node_modules/.pnpm/@opentelemetry+instrumentation@0.204.0_@opentelemetry+api@1.9.0/node_modules/@opentelemetry/instrumentation/build/esm/index.js
./node_modules/.pnpm/@sentry+node@10.22.0/node_modules/@sentry/node/build/cjs/integrations/tracing/postgresjs.js
./node_modules/.pnpm/@sentry+node@10.22.0/node_modules/@sentry/node/build/cjs/index.js
./node_modules/.pnpm/@sentry+nextjs@10.22.0_@opentelemetry+context-async-hooks@2.2.0_@opentelemetry+api@1.9._fc2ba29904eb7d23c2a54e3d95b81f15/node_modules/@sentry/nextjs/build/cjs/index.server.js
./app/global-error.tsx

./node_modules/.pnpm/require-in-the-middle@7.5.2/node_modules/require-in-the-middle/index.js
Critical dependency: require function is used in a way in which dependencies cannot be statically extracted

Import trace for requested module:
./node_modules/.pnpm/require-in-the-middle@7.5.2/node_modules/require-in-the-middle/index.js
./node_modules/.pnpm/@opentelemetry+instrumentation@0.204.0_@opentelemetry+api@1.9.0/node_modules/@opentelemetry/instrumentation/build/esm/platform/node/instrumentation.js
./node_modules/.pnpm/@opentelemetry+instrumentation@0.204.0_@opentelemetry+api@1.9.0/node_modules/@opentelemetry/instrumentation/build/esm/platform/node/index.js
./node_modules/.pnpm/@opentelemetry+instrumentation@0.204.0_@opentelemetry+api@1.9.0/node_modules/@opentelemetry/instrumentation/build/esm/platform/index.js
./node_modules/.pnpm/@opentelemetry+instrumentation@0.204.0_@opentelemetry+api@1.9.0/node_modules/@opentelemetry/instrumentation/build/esm/index.js
./node_modules/.pnpm/@sentry+node@10.22.0/node_modules/@sentry/node/build/cjs/integrations/tracing/postgresjs.js
./node_modules/.pnpm/@sentry+node@10.22.0/node_modules/@sentry/node/build/cjs/index.js
./node_modules/.pnpm/@sentry+nextjs@10.22.0_@opentelemetry+context-async-hooks@2.2.0_@opentelemetry+api@1.9._fc2ba29904eb7d23c2a54e3d95b81f15/node_modules/@sentry/nextjs/build/cjs/index.server.js
./app/global-error.tsx

 ✓ Compiled successfully
   Skipping validation of types
   Skipping linting
   Collecting page data ...
 ⚠ Using edge runtime on a page currently disables static generation for that page
   Generating static pages (0/36) ...
   Generating static pages (9/36) 
   Generating static pages (18/36) 
   Generating static pages (27/36) 
 ✓ Generating static pages (36/36)
   Finalizing page optimization ...
   Collecting build traces ...
